[2019-06-27 13:43:57] layer "Â© Copyright 2014 FreebiesXpress.com": Unsupported extension: com
